--------------------------------------------------------------------------------------
Timing Analyzer Summary
--------------------------------------------------------------------------------------

Type           : Worst-case tsu
Slack          : N/A
Required Time  : None
Actual Time    : 12.294 ns
From           : ingo
To             : adrregADC[8]
From Clock     : --
To Clock       : a12mhz
Failed Paths   : 0

Type           : Worst-case tco
Slack          : N/A
Required Time  : None
Actual Time    : 17.980 ns
From           : getfifo
To             : databus[5]
From Clock     : bls0we
To Clock       : --
Failed Paths   : 0

Type           : Worst-case tpd
Slack          : N/A
Required Time  : None
Actual Time    : 21.610 ns
From           : adresbus[3]
To             : databus[1]
From Clock     : --
To Clock       : --
Failed Paths   : 0

Type           : Worst-case th
Slack          : N/A
Required Time  : None
Actual Time    : -3.072 ns
From           : databus[3]
To             : RKSMEM[3]
From Clock     : --
To Clock       : bls0we
Failed Paths   : 0

Type           : Clock Setup: 'pllgen:mypll|altpll:altpll_component|_clk1'
Slack          : 1.344 ns
Required Time  : 192.01 MHz ( period = 5.208 ns )
Actual Time    : 258.80 MHz ( period = 3.864 ns )
From           : adrreg[1]
To             : adrreg[18]
From Clock     : pllgen:mypll|altpll:altpll_component|_clk1
To Clock       : pllgen:mypll|altpll:altpll_component|_clk1
Failed Paths   : 0

Type           : Clock Setup: 'pllgen:mypll|altpll:altpll_component|_clk0'
Slack          : 2.492 ns
Required Time  : 96.01 MHz ( period = 10.416 ns )
Actual Time    : 126.20 MHz ( period = 7.924 ns )
From           : sdvig[14]
To             : linecount[0]
From Clock     : pllgen:mypll|altpll:altpll_component|_clk0
To Clock       : pllgen:mypll|altpll:altpll_component|_clk0
Failed Paths   : 0

Type           : Clock Setup: 'bls0we'
Slack          : 4.058 ns
Required Time  : 160.00 MHz ( period = 6.250 ns )
Actual Time    : Restricted to 360.10 MHz ( period = 2.777 ns )
From           : RKSMEM[2]
To             : write
From Clock     : bls0we
To Clock       : bls0we
Failed Paths   : 0

Type           : Clock Setup: 'oe'
Slack          : 5.485 ns
Required Time  : 160.00 MHz ( period = 6.250 ns )
Actual Time    : Restricted to 360.10 MHz ( period = 2.777 ns )
From           : read
To             : read
From Clock     : oe
To Clock       : oe
Failed Paths   : 0

Type           : Clock Hold: 'pllgen:mypll|altpll:altpll_component|_clk0'
Slack          : 0.499 ns
Required Time  : 96.01 MHz ( period = 10.416 ns )
Actual Time    : N/A
From           : sdvigpsw[1]
To             : sdvigpsw[1]
From Clock     : pllgen:mypll|altpll:altpll_component|_clk0
To Clock       : pllgen:mypll|altpll:altpll_component|_clk0
Failed Paths   : 0

Type           : Clock Hold: 'pllgen:mypll|altpll:altpll_component|_clk1'
Slack          : 0.499 ns
Required Time  : 192.01 MHz ( period = 5.208 ns )
Actual Time    : N/A
From           : resadd
To             : resadd
From Clock     : pllgen:mypll|altpll:altpll_component|_clk1
To Clock       : pllgen:mypll|altpll:altpll_component|_clk1
Failed Paths   : 0

Type           : Clock Hold: 'bls0we'
Slack          : 0.499 ns
Required Time  : 160.00 MHz ( period = 6.250 ns )
Actual Time    : N/A
From           : write
To             : write
From Clock     : bls0we
To Clock       : bls0we
Failed Paths   : 0

Type           : Clock Hold: 'oe'
Slack          : 0.499 ns
Required Time  : 160.00 MHz ( period = 6.250 ns )
Actual Time    : N/A
From           : read
To             : read
From Clock     : oe
To Clock       : oe
Failed Paths   : 0

Type           : Total number of failed paths
Slack          : 
Required Time  : 
Actual Time    : 
From           : 
To             : 
From Clock     : 
To Clock       : 
Failed Paths   : 0

--------------------------------------------------------------------------------------

